INFO: ============================================================
INFO: Quick-Commerce Analytics — Data Pipeline
INFO: ============================================================
INFO: 
--- Step 1: Splitting happy_merged.csv ---
INFO: Loaded merged CSV: 121445 rows × 56 cols
INFO: feedback: 5000 rows
INFO: customers: 2500 rows
INFO: delivery: 5000 rows
INFO: orders: 5000 rows (from 5000 item rows + 5000 header rows, joined on order_id)
INFO: inventory: 93277 rows
INFO: campaigns: 5400 rows
INFO: products: 268 rows
INFO: Saved feedback -> data\processed\feedback.csv (5000 rows)
INFO: Saved customers -> data\processed\customers.csv (2500 rows)
INFO: Saved delivery -> data\processed\delivery.csv (5000 rows)
INFO: Saved orders -> data\processed\orders.csv (5000 rows)
INFO: Saved inventory -> data\processed\inventory.csv (93277 rows)
INFO: Saved campaigns -> data\processed\campaigns.csv (5400 rows)
INFO: Saved products -> data\processed\products.csv (268 rows)
INFO: Sanity check: original rows=121445 | sum of sub-table rows=116445 | with order double-row correction=121445
INFO: [OK] Row count sanity check PASSED
INFO: 
--- Step 2: Cleaning & Validating sub-tables ---
INFO: [PASS] feedback.feedback_id no nulls
INFO: [PASS] feedback.order_id no nulls
INFO: [PASS] feedback.customer_id no nulls
INFO: [PASS] feedback.rating no nulls
INFO: [PASS] feedback.feedback_category no nulls
INFO: [PASS] feedback.sentiment no nulls
INFO: [PASS] feedback.feedback_date no nulls
INFO: [PASS] feedback: no duplicate feedback_id
INFO: [PASS] feedback: rating in [1,5]
INFO: [PASS] feedback: valid sentiment values
INFO: [PASS] feedback: valid feedback_category
INFO: [PASS] customers.customer_id no nulls
INFO: [PASS] customers.customer_name no nulls
INFO: [PASS] customers.customer_segment no nulls
INFO: [PASS] customers: no duplicate customer_id
INFO: [PASS] customers: total_orders >= 0
INFO: [PASS] customers: avg_order_value >= 0
INFO: [PASS] customers: valid segment
INFO: [PASS] delivery.order_id no nulls
INFO: [PASS] delivery.delivery_partner_id no nulls
INFO: [PASS] delivery.delivery_status no nulls
INFO: [PASS] delivery: no duplicate order_id
INFO: [PASS] delivery: no extreme negative delivery_time_minutes (<-60)
INFO: [PASS] delivery: valid delivery_status
INFO: [PASS] delivery: delayed orders — actual_time >= promised_time
INFO: [PASS] orders.order_id no nulls
INFO: [PASS] orders.customer_id no nulls
INFO: [PASS] orders.product_id no nulls
INFO: [PASS] orders.quantity no nulls
INFO: [PASS] orders.unit_price no nulls
INFO: [PASS] orders.order_total no nulls
INFO: [PASS] orders.order_date no nulls
INFO: [PASS] orders: no duplicate order_id
INFO: [PASS] orders: quantity > 0
INFO: [PASS] orders: unit_price > 0
INFO: [PASS] orders: order_total > 0
WARNING: [WARN] orders: order_total == quantity x unit_price — 4999 mismatches - expected: order_total may include taxes/fees/discounts (source data NOT modified)
INFO: [PASS] orders: valid payment_method
INFO: [PASS] orders: actual_delivery_time >= order_date
INFO: [PASS] inventory.product_id no nulls
INFO: [PASS] inventory.date no nulls
INFO: [PASS] inventory.stock_received no nulls
INFO: [PASS] inventory.damaged_stock no nulls
INFO: [PASS] inventory: stock_received >= 0
INFO: [PASS] inventory: damaged_stock >= 0
WARNING: [WARN] inventory: damaged_stock <= stock_received — 29299 rows where damaged > received (data quality issue in source)
INFO: [PASS] campaigns.campaign_id no nulls
INFO: [PASS] campaigns.campaign_name no nulls
INFO: [PASS] campaigns.channel no nulls
INFO: [PASS] campaigns.impressions no nulls
INFO: [PASS] campaigns.clicks no nulls
INFO: [PASS] campaigns.conversions no nulls
INFO: [PASS] campaigns.spend no nulls
INFO: [PASS] campaigns.revenue_generated no nulls
INFO: [PASS] campaigns.roas no nulls
INFO: [PASS] campaigns: no duplicate campaign_id
INFO: [PASS] campaigns: impressions >= 0
INFO: [PASS] campaigns: clicks >= 0
INFO: [PASS] campaigns: conversions >= 0
INFO: [PASS] campaigns: spend >= 0
INFO: [PASS] campaigns: revenue_generated >= 0
INFO: [PASS] campaigns: clicks <= impressions
INFO: [PASS] campaigns: valid channel
INFO: [PASS] products.product_id no nulls
INFO: [PASS] products.product_name no nulls
INFO: [PASS] products.category no nulls
INFO: [PASS] products.brand no nulls
INFO: [PASS] products.price no nulls
INFO: [PASS] products.mrp no nulls
INFO: [PASS] products: no duplicate product_id
INFO: [PASS] products: price > 0
INFO: [PASS] products: mrp > 0
INFO: [PASS] products: price <= mrp
INFO: [PASS] products: min_stock_level <= max_stock_level
INFO: [PASS] products: valid category
INFO: [PASS] referential: feedback.order_id -> orders
INFO: [PASS] referential: delivery.order_id -> orders
INFO: [PASS] referential: orders.customer_id -> customers
INFO: Saved cleaned feedback (5000 rows)
INFO: Saved cleaned customers (2500 rows)
INFO: Saved cleaned delivery (5000 rows)
INFO: Saved cleaned orders (5000 rows)
INFO: Saved cleaned inventory (93277 rows)
INFO: Saved cleaned campaigns (5400 rows)
INFO: Saved cleaned products (268 rows)
INFO: Cleaning complete. 7 tables processed.
INFO: 
--- Pipeline Summary ---
INFO:   feedback          5000 rows ×  8 cols
INFO:   customers         2500 rows × 11 cols
INFO:   delivery          5000 rows ×  8 cols
INFO:   orders            5000 rows × 11 cols
INFO:   inventory        93277 rows ×  4 cols
INFO:   campaigns         5400 rows × 10 cols
INFO:   products           268 rows × 10 cols
INFO: 
Validation Report:
WARNING:   orders: 1 warnings
WARNING:     - orders: order_total == quantity x unit_price -- 4999 mismatches - expected: order_total may include taxes/fees/discounts (source data NOT modified)
WARNING:   inventory: 1 warnings
WARNING:     - inventory: damaged_stock <= stock_received -- 29299 rows where damaged > received (data quality issue in source)
WARNING:   Total warnings: 2 (see details above)
INFO: 
Pipeline complete. Run 'streamlit run app.py' to launch the dashboard.
